MSBuild version 17.9.4+90725d08d for .NET
  Determining projects to restore...
D:\project\lamp-shop-monorepo\LampStore_Backend\LampStoreProjects.csproj : warning NU1504: Duplicate 'PackageReference' items found. Remove the duplicate items or use the Update functionality to ensure a consistent restore behavior. The duplicate 'PackageReference' items are: Microsoft.EntityFrameworkCore.Tools 8.0.10, Microsoft.EntityFrameworkCore.Tools 6.0.0.
D:\project\lamp-shop-monorepo\LampStore_Backend\LampStoreProjects.csproj : warning NU1903: Package 'AutoMapper' 10.1.1 has a known high severity vulnerability, https://github.com/advisories/GHSA-rvv3-g6hj-g44x
D:\project\lamp-shop-monorepo\LampStore_Backend\LampStoreProjects.csproj : warning NU1903: Package 'SixLabors.ImageSharp' 3.1.6 has a known high severity vulnerability, https://github.com/advisories/GHSA-2cmq-823j-5qj8
D:\project\lamp-shop-monorepo\LampStore_Backend\LampStoreProjects.csproj : warning NU1902: Package 'SixLabors.ImageSharp' 3.1.6 has a known moderate severity vulnerability, https://github.com/advisories/GHSA-rxmq-m78w-7wmc
  All projects are up-to-date for restore.
D:\project\lamp-shop-monorepo\LampStore_Backend\LampStoreProjects.csproj : warning NU1504: Duplicate 'PackageReference' items found. Remove the duplicate items or use the Update functionality to ensure a consistent restore behavior. The duplicate 'PackageReference' items are: Microsoft.EntityFrameworkCore.Tools 8.0.10, Microsoft.EntityFrameworkCore.Tools 6.0.0.
D:\project\lamp-shop-monorepo\LampStore_Backend\LampStoreProjects.csproj : warning NU1903: Package 'AutoMapper' 10.1.1 has a known high severity vulnerability, https://github.com/advisories/GHSA-rvv3-g6hj-g44x
D:\project\lamp-shop-monorepo\LampStore_Backend\LampStoreProjects.csproj : warning NU1903: Package 'SixLabors.ImageSharp' 3.1.6 has a known high severity vulnerability, https://github.com/advisories/GHSA-2cmq-823j-5qj8
D:\project\lamp-shop-monorepo\LampStore_Backend\LampStoreProjects.csproj : warning NU1902: Package 'SixLabors.ImageSharp' 3.1.6 has a known moderate severity vulnerability, https://github.com/advisories/GHSA-rxmq-m78w-7wmc
D:\project\lamp-shop-monorepo\LampStore_Backend\Controllers\OrdersController.cs(16,26): error CS0246: The type or namespace name 'IEmailService' could not be found (are you missing a using directive or an assembly reference?) [D:\project\lamp-shop-monorepo\LampStore_Backend\LampStoreProjects.csproj]
D:\project\lamp-shop-monorepo\LampStore_Backend\Controllers\OrdersController.cs(18,67): error CS0246: The type or namespace name 'IEmailService' could not be found (are you missing a using directive or an assembly reference?) [D:\project\lamp-shop-monorepo\LampStore_Backend\LampStoreProjects.csproj]

Build FAILED.

D:\project\lamp-shop-monorepo\LampStore_Backend\LampStoreProjects.csproj : warning NU1504: Duplicate 'PackageReference' items found. Remove the duplicate items or use the Update functionality to ensure a consistent restore behavior. The duplicate 'PackageReference' items are: Microsoft.EntityFrameworkCore.Tools 8.0.10, Microsoft.EntityFrameworkCore.Tools 6.0.0.
D:\project\lamp-shop-monorepo\LampStore_Backend\LampStoreProjects.csproj : warning NU1903: Package 'AutoMapper' 10.1.1 has a known high severity vulnerability, https://github.com/advisories/GHSA-rvv3-g6hj-g44x
D:\project\lamp-shop-monorepo\LampStore_Backend\LampStoreProjects.csproj : warning NU1903: Package 'SixLabors.ImageSharp' 3.1.6 has a known high severity vulnerability, https://github.com/advisories/GHSA-2cmq-823j-5qj8
D:\project\lamp-shop-monorepo\LampStore_Backend\LampStoreProjects.csproj : warning NU1902: Package 'SixLabors.ImageSharp' 3.1.6 has a known moderate severity vulnerability, https://github.com/advisories/GHSA-rxmq-m78w-7wmc
D:\project\lamp-shop-monorepo\LampStore_Backend\LampStoreProjects.csproj : warning NU1504: Duplicate 'PackageReference' items found. Remove the duplicate items or use the Update functionality to ensure a consistent restore behavior. The duplicate 'PackageReference' items are: Microsoft.EntityFrameworkCore.Tools 8.0.10, Microsoft.EntityFrameworkCore.Tools 6.0.0.
D:\project\lamp-shop-monorepo\LampStore_Backend\LampStoreProjects.csproj : warning NU1903: Package 'AutoMapper' 10.1.1 has a known high severity vulnerability, https://github.com/advisories/GHSA-rvv3-g6hj-g44x
D:\project\lamp-shop-monorepo\LampStore_Backend\LampStoreProjects.csproj : warning NU1903: Package 'SixLabors.ImageSharp' 3.1.6 has a known high severity vulnerability, https://github.com/advisories/GHSA-2cmq-823j-5qj8
D:\project\lamp-shop-monorepo\LampStore_Backend\LampStoreProjects.csproj : warning NU1902: Package 'SixLabors.ImageSharp' 3.1.6 has a known moderate severity vulnerability, https://github.com/advisories/GHSA-rxmq-m78w-7wmc
D:\project\lamp-shop-monorepo\LampStore_Backend\Controllers\OrdersController.cs(16,26): error CS0246: The type or namespace name 'IEmailService' could not be found (are you missing a using directive or an assembly reference?) [D:\project\lamp-shop-monorepo\LampStore_Backend\LampStoreProjects.csproj]
D:\project\lamp-shop-monorepo\LampStore_Backend\Controllers\OrdersController.cs(18,67): error CS0246: The type or namespace name 'IEmailService' could not be found (are you missing a using directive or an assembly reference?) [D:\project\lamp-shop-monorepo\LampStore_Backend\LampStoreProjects.csproj]
    8 Warning(s)
    2 Error(s)

Time Elapsed 00:00:01.25
